// Jest Snapshot v1, https://goo.gl/fbAQLP

exports[`<PrettyRating /> should render component 1`] = `
Array [
  <i
    aria-hidden="true"
    className="fas fa-star"
    style={
      Object {
        "color": "#000",
      }
    }
  />,
  <i
    aria-hidden="true"
    className="fas fa-star"
    style={
      Object {
        "color": "#000",
      }
    }
  />,
  <i
    aria-hidden="true"
    className="fas fa-star"
    style={
      Object {
        "color": "#000",
      }
    }
  />,
  <i
    aria-hidden="true"
    className="fas fa-star"
    style={
      Object {
        "color": "#000",
      }
    }
  />,
  <i
    aria-hidden="true"
    className="fas fa-star-half-alt"
    style={
      Object {
        "color": "#000",
      }
    }
  />,
]
`;
